python : Traceback (most recent call last):
At line:2 char:155
+ ... | Out-Null; python foundation\collectors\export_fpmarkets_v2_mt5_bars ...
+                 ~~~~~~~~~~~~~~~~~~~~~~~~~~~~~~~~~~~~~~~~~~~~~~~~~~~~~~~~~
    + CategoryInfo          : NotSpecified: (Traceback (most recent call last)::String) [], RemoteException
    + FullyQualifiedErrorId : NativeCommandError

  File "C:\Users\awdse\AppData\Roaming\MetaQuotes\Terminal\D0E8209F77C8CF37AD8BF550E51FF075\MQL5\Experts\Project_Obsidi
an_Prime_v2\foundation\collectors\export_fpmarkets_v2_mt5_bars.py", line 283, in <module>
    raise SystemExit(main())
                     ~~~~^^
  File "C:\Users\awdse\AppData\Roaming\MetaQuotes\Terminal\D0E8209F77C8CF37AD8BF550E51FF075\MQL5\Experts\Project_Obsidi
an_Prime_v2\foundation\collectors\export_fpmarkets_v2_mt5_bars.py", line 267, in main
    exported = export_all(
        output_root=output_root,
    ...<3 lines>...
        price_basis=args.price_basis,
    )
  File "C:\Users\awdse\AppData\Roaming\MetaQuotes\Terminal\D0E8209F77C8CF37AD8BF550E51FF075\MQL5\Experts\Project_Obsidi
an_Prime_v2\foundation\collectors\export_fpmarkets_v2_mt5_bars.py", line 244, in export_all
    export_symbol(
    ~~~~~~~~~~~~~^
        output_root=output_root,
        ^^^^^^^^^^^^^^^^^^^^^^^^
    ...<3 lines>...
        price_basis=price_basis,
        ^^^^^^^^^^^^^^^^^^^^^^^^
    )
    ^
  File "C:\Users\awdse\AppData\Roaming\MetaQuotes\Terminal\D0E8209F77C8CF37AD8BF550E51FF075\MQL5\Experts\Project_Obsidi
an_Prime_v2\foundation\collectors\export_fpmarkets_v2_mt5_bars.py", line 219, in export_symbol
    write_manifest(manifest_path, binding, csv_path, rates, requested_from_utc, requested_to_utc, price_basis)
    ~~~~~~~~~~~~~~^^^^^^^^^^^^^^^^^^^^^^^^^^^^^^^^^^^^^^^^^^^^^^^^^^^^^^^^^^^^^^^^^^^^^^^^^^^^^^^^^^^^^^^^^^^^
  File "C:\Users\awdse\AppData\Roaming\MetaQuotes\Terminal\D0E8209F77C8CF37AD8BF550E51FF075\MQL5\Experts\Project_Obsidi
an_Prime_v2\foundation\collectors\export_fpmarkets_v2_mt5_bars.py", line 175, in write_manifest
    manifest_path.write_text(json.dumps(payload, indent=2), encoding="utf-8")
    ~~~~~~~~~~~~~~~~~~~~~~~~^^^^^^^^^^^^^^^^^^^^^^^^^^^^^^^^^^^^^^^^^^^^^^^^^
  File "C:\Users\awdse\AppData\Local\Programs\Python\Python313\Lib\pathlib\_local.py", line 555, in write_text
    return PathBase.write_text(self, data, encoding, errors, newline)
           ~~~~~~~~~~~~~~~~~~~^^^^^^^^^^^^^^^^^^^^^^^^^^^^^^^^^^^^^^^
  File "C:\Users\awdse\AppData\Local\Programs\Python\Python313\Lib\pathlib\_abc.py", line 651, in write_text
    with self.open(mode='w', encoding=encoding, errors=errors, newline=newline) as f:
         ~~~~~~~~~^^^^^^^^^^^^^^^^^^^^^^^^^^^^^^^^^^^^^^^^^^^^^^^^^^^^^^^^^^^^^
  File "C:\Users\awdse\AppData\Local\Programs\Python\Python313\Lib\pathlib\_local.py", line 537, in open
    return io.open(self, mode, buffering, encoding, errors, newline)
           ~~~~~~~^^^^^^^^^^^^^^^^^^^^^^^^^^^^^^^^^^^^^^^^^^^^^^^^^^
FileNotFoundError: [Errno 2] No such file or directory: 'stages\\332_overfit_guard__failure_memory_forward_research_han
doff\\02_runs\\run332B\\raw_refresh_probe\\US100\\bars_us100_m5_mt5api_raw.manifest.json'
